make -C src all
make[1]: Entering directory '/home/lukascernohorsky/Projects/bitkeeper/src'
sh mkconf.sh > conf.mk || { rm -f conf.mk; false; }
Using system PCRE
Building cmd.h
make -C libc system.h
make[2]: Entering directory '/home/lukascernohorsky/Projects/bitkeeper/src/libc'
cd fslayer && tclsh gen_fslayer.tcl
bk get -qS system.h
make[2]: bk: No such file or directory
make[2]: [Makefile:82: system.h] Error 127 (ignored)
touch system.h
make[2]: Leaving directory '/home/lukascernohorsky/Projects/bitkeeper/src/libc'
make[2]: Entering directory '/home/lukascernohorsky/Projects/bitkeeper/src/libc'
CC libc/fslayer/fslayer_open_stub.c
CC libc/fslayer/fslayer_close_stub.c
CC libc/fslayer/fslayer_read_stub.c
CC libc/fslayer/fslayer_write_stub.c
CC libc/fslayer/fslayer_lseek_stub.c
CC libc/fslayer/fslayer_lstat_stub.c
CC libc/fslayer/fslayer_linkcount_stub.c
CC libc/fslayer/fslayer_fstat_stub.c
CC libc/fslayer/fslayer_stat_stub.c
CC libc/fslayer/fslayer_unlink_stub.c
CC libc/fslayer/fslayer_rename_stub.c
CC libc/fslayer/fslayer_chmod_stub.c
CC libc/fslayer/fslayer_link_stub.c
CC libc/fslayer/fslayer_symlink_stub.c
CC libc/fslayer/fslayer_getdir_stub.c
CC libc/fslayer/fslayer_access_stub.c
CC libc/fslayer/fslayer_utime_stub.c
CC libc/fslayer/fslayer_mkdir_stub.c
CC libc/fslayer/fslayer_rmdir_stub.c
CC libc/fslayer/fslayer_rmIfRepo_stub.c
CC libc/fslayer/fslayer_realBasename_stub.c
CC libc/hash/hash.c
CC libc/hash/hash_tostr.c
CC libc/hash/hash_tofile.c
CC libc/hash/memhash.c
CC libc/hash/wrapmdbm.c
CC libc/hash/u32hash.c
CC libc/mdbm/mdbm.c
CC libc/mdbm/hash.c
CC libc/mdbm/debug.c
CC libc/mdbm/byte_order.c
CC libc/string/memmem.c
CC libc/string/strcasestr.c
CC libc/string/strndup.c
CC libc/string/strsep.c
CC libc/string/strcnt.c
CC libc/string/trim.c
CC libc/stdio/asprintf.c
CC libc/stdio/fclose.c
CC libc/stdio/fdopen.c
CC libc/stdio/fflush.c
CC libc/stdio/fgetc.c
CC libc/stdio/fgetline.c
CC libc/stdio/fgetln.c
CC libc/stdio/fgetpos.c
CC libc/stdio/fgets.c
CC libc/stdio/fgetstr.c
CC libc/stdio/fileprintf.c
CC libc/stdio/findfp.c
CC libc/stdio/flags.c
CC libc/stdio/fopen.c
CC libc/stdio/fparseln.c
CC libc/stdio/fprintf.c
CC libc/stdio/bk_fprintf.c
CC libc/stdio/fpurge.c
CC libc/stdio/fpush.c
CC libc/stdio/fputc.c
CC libc/stdio/fputs.c
CC libc/stdio/fread.c
CC libc/stdio/freopen.c
CC libc/stdio/fscanf.c
CC libc/stdio/fseek.c
CC libc/stdio/fseeko.c
CC libc/stdio/fsetpos.c
CC libc/stdio/ftell.c
CC libc/stdio/_ftello.c
CC libc/stdio/ftello.c
CC libc/stdio/funopen.c
CC libc/stdio/fvwrite.c
CC libc/stdio/fwalk.c
CC libc/stdio/fwrite.c
CC libc/stdio/gettemp.c
CC libc/stdio/makebuf.c
CC libc/stdio/mkdtemp.c
CC libc/stdio/mkstemp.c
CC libc/stdio/printf.c
CC libc/stdio/puts.c
CC libc/stdio/refill.c
CC libc/stdio/remove.c
CC libc/stdio/rewind.c
CC libc/stdio/rget.c
CC libc/stdio/scanf.c
CC libc/stdio/setbuf.c
CC libc/stdio/setbuffer.c
CC libc/stdio/setvbuf.c
CC libc/stdio/snprintf.c
CC libc/stdio/sprintf.c
CC libc/stdio/sscanf.c
CC libc/stdio/stdio.c
CC libc/stdio/ungetc.c
CC libc/stdio/vasprintf.c
CC libc/stdio/vfprintf.c
CC libc/stdio/vfscanf.c
CC libc/stdio/vprintf.c
CC libc/stdio/vscanf.c
CC libc/stdio/vsnprintf.c
CC libc/stdio/vsprintf.c
CC libc/stdio/vsscanf.c
CC libc/stdio/wbuf.c
CC libc/stdio/wsetup.c
CC libc/tcp/tcp.c
CC libc/udp/udp.c
CC libc/utils/cleanpath.c
CC libc/utils/concat_path.c
CC libc/utils/crc32c.c
CC libc/utils/die.c
CC libc/utils/data.c
CC libc/utils/dirname.c
CC libc/utils/dirs.c
CC libc/utils/efopen.c
CC libc/utils/fopen_cksum.c
CC libc/utils/fopen_crc.c
CC libc/utils/fopen_vzip.c
CC libc/utils/fopen_zip.c
CC libc/utils/fileops.c
CC libc/utils/fileutils.c
CC libc/utils/findpid.c
CC libc/utils/fmem.c
CC libc/utils/fullname.c
CC libc/utils/fileinfo.c
CC libc/utils/getnull.c
CC libc/utils/getopt.c
CC libc/utils/glob.c
CC libc/utils/lines.c
CC libc/utils/lines_tests.c
CC libc/utils/mkdir.c
CC libc/utils/milli.c
CC libc/utils/mmap.c
CC libc/utils/pq.c
CC libc/utils/putenv.c
CC libc/utils/readn.c
CC libc/utils/realbasename.c
CC libc/utils/relpath.c
CC libc/utils/rlimit.c
CC libc/utils/rmrepo.c
CC libc/utils/rmtree.c
CC libc/utils/samepath.c
CC libc/utils/sig.c
CC libc/utils/smartrename.c
CC libc/utils/spawn.c
CC libc/utils/spawnvpio.c
CC libc/utils/spawn_filterpipeline.c
CC libc/utils/stackdump.c
CC libc/utils/str_subst.c
CC libc/utils/sys.c
CC libc/utils/system.c
CC libc/utils/testcode.c
CC libc/utils/trace.c
CC libc/utils/tty.c
CC libc/utils/ttyprintf.c
CC libc/utils/utils.c
CC libc/utils/webencode.c
CC libc/utils/which.c
AR libc.a
make[2]: Leaving directory '/home/lukascernohorsky/Projects/bitkeeper/src/libc'
CC bk.c
Building bkver.c
CC bkver.c
CC cmd.c
CC abort.c
CC adler32.c
CC alias.c
CC admin.c
CC annotate.c
CC attributes.c
CC bam.c
CC bisect.c
CC bkd.c
CC bkd_bam.c
CC bkd_cd.c
CC bkd_changes.c
CC bkd_client.c
CC bkd_clone.c
CC bkd_cmdtab.c
CC bkd_findkey.c
CC bkd_http.c
CC bkd_id.c
CC bkd_kill.c
CC bkd_level.c
CC bkd_misc.c
CC bkd_nested.c
CC bkd_partition.c
CC bkd_pull.c
CC bkd_push.c
CC bkd_pwd.c
CC bkd_r2c.c
CC bkd_rclone.c
CC bkd_rootkey.c
CC bkd_status.c
CC bkd_synckeys.c
CC bkd_version.c
CC bkverinfo.c
